// Jest Snapshot v1, https://goo.gl/fbAQLP

exports[`Top Container to match snapshot 1`] = `
<View
  style={
    Array [
      Object {
        "backgroundColor": "#f4d8cd",
        "flexBasis": 0,
        "flexGrow": 1,
        "flexShrink": 1,
        "justifyContent": "space-between",
      },
    ]
  }
>
  <Text>
    Top
  </Text>
  <View
    accessible={true}
    collapsable={false}
    focusable={true}
    onClick={[Function]}
    onResponderGrant={[Function]}
    onResponderMove={[Function]}
    onResponderRelease={[Function]}
    onResponderTerminate={[Function]}
    onResponderTerminationRequest={[Function]}
    onStartShouldSetResponder={[Function]}
    style={
      Object {
        "alignItems": "center",
        "backgroundColor": "#f15152",
        "borderRadius": 20,
        "height": 40,
        "opacity": 1,
        "paddingBottom": 12,
        "paddingLeft": 12,
        "paddingRight": 12,
        "paddingTop": 12,
        "width": 100,
      }
    }
  >
    <Text>
      GET Users
    </Text>
  </View>
  <RCTScrollView
    data={Array []}
    getItem={[Function]}
    getItemCount={[Function]}
    keyExtractor={[Function]}
    onContentSizeChange={[Function]}
    onLayout={[Function]}
    onMomentumScrollBegin={[Function]}
    onMomentumScrollEnd={[Function]}
    onScroll={[Function]}
    onScrollBeginDrag={[Function]}
    onScrollEndDrag={[Function]}
    removeClippedSubviews={false}
    renderItem={[Function]}
    scrollEventThrottle={50}
    stickyHeaderIndices={Array []}
    style={
      Array [
        Object {
          "backgroundColor": "'white",
        },
      ]
    }
    testID="List.user"
    viewabilityConfigCallbackPairs={Array []}
  >
    <View />
  </RCTScrollView>
  <TextInput
    placeholder="Hello Input"
    placeholderTextColor="yellow"
    style={
      Array [
        Object {
          "backgroundColor": "#1e555c",
          "color": "white",
          "height": 50,
          "width": 200,
        },
      ]
    }
  />
</View>
`;
